// Jest Snapshot v1, https://jestjs.io/docs/snapshot-testing

exports[`Smoke Test deve renderizar a p√°gina inicial sem erros e exibir o t√≠tulo 1`] = `
<DocumentFragment>
  <div
    class="sc-jJLAfE ifatkK"
  >
    <section
      class="sc-dYwGCk fjOdRu"
    >
      <div
        class="sc-hwkwBN nLwIx"
        style="text-align: center;"
      >
        <div>
          <div
            class="sc-kNOymR hvwBkq"
            style="font-size: 3rem; margin-bottom: 1rem;"
          >
            M√©todo Atuarial
          </div>
          <div
            class="sc-kNOymR eOJVkD"
            style="max-width: 600px;"
          >
            Consultoria especializada em solu√ß√µes atuariais, oferecendo excel√™ncia t√©cnica e inova√ß√£o para o mercado de previd√™ncia e seguros.
          </div>
        </div>
        <div
          class="sc-hwkwBN fgGIt"
        >
          <a
            href="/sobre"
            style="text-decoration: none;"
          >
            <button
              aria-label="Conhe√ßa Nossa Hist√≥ria"
              class="inline-flex items-center justify-center gap-2 whitespace-nowrap rounded-md text-sm font-medium transition-all disabled:pointer-events-none disabled:opacity-50 [&_svg]:pointer-events-none [&_svg:not([class*='size-'])]:size-4 shrink-0 [&_svg]:shrink-0 outline-none focus-visible:border-ring focus-visible:ring-ring/50 focus-visible:ring-[3px] aria-invalid:ring-destructive/20 dark:aria-invalid:ring-destructive/40 aria-invalid:border-destructive bg-primary text-primary-foreground shadow-xs hover:bg-primary/90 h-9 px-4 py-2 has-[>svg]:px-3 sc-eqYatC ZWTZT"
              data-slot="button"
              role="button"
              style="outline: none; box-shadow: 0 0 0 2px #2563eb;"
              tabindex="0"
              type="button"
            >
              Conhe√ßa Nossa Hist√≥ria
            </button>
          </a>
          <a
            href="/contato"
            style="text-decoration: none;"
          >
            <button
              aria-label="Solicitar Or√ßamento"
              class="inline-flex items-center justify-center gap-2 whitespace-nowrap rounded-md text-sm font-medium transition-all disabled:pointer-events-none disabled:opacity-50 [&_svg]:pointer-events-none [&_svg:not([class*='size-'])]:size-4 shrink-0 [&_svg]:shrink-0 outline-none focus-visible:border-ring focus-visible:ring-ring/50 focus-visible:ring-[3px] aria-invalid:ring-destructive/20 dark:aria-invalid:ring-destructive/40 aria-invalid:border-destructive bg-primary text-primary-foreground shadow-xs hover:bg-primary/90 h-9 px-4 py-2 has-[>svg]:px-3 sc-eqYatC iPSXie"
              data-slot="button"
              role="button"
              style="outline: none; box-shadow: 0 0 0 2px #2563eb;"
              tabindex="0"
              type="button"
            >
              Solicitar Or√ßamento
            </button>
          </a>
        </div>
      </div>
    </section>
    <section
      class="sc-dYwGCk fjOdRu"
    >
      <div
        class="sc-kNOymR kOnDQR"
        style="margin-bottom: 3rem;"
      >
        Nossos Servi√ßos
      </div>
      <div
        style="display: grid; grid-template-columns: repeat(auto-fit, minmax(300px, 1fr)); gap: 2rem; max-width: 1200px; margin: 0px auto;"
      >
        <div
          class="sc-kcLKEh PQfNo"
          style="cursor: default;"
        >
          <div
            style="display: flex; justify-content: center; align-items: center; margin-bottom: 8px;"
          >
            <span
              style="font-size: 3rem;"
            >
              üìä
            </span>
          </div>
          <h3
            class="sc-dntSTA gQABKC"
          >
            Consultoria Atuarial
          </h3>
          <p
            class="sc-kvnevz lkAtSo"
          >
            An√°lise de riscos e avalia√ß√£o de passivos previdenci√°rios
          </p>
        </div>
        <div
          class="sc-kcLKEh PQfNo"
          style="cursor: default;"
        >
          <div
            style="display: flex; justify-content: center; align-items: center; margin-bottom: 8px;"
          >
            <span
              style="font-size: 3rem;"
            >
              üìã
            </span>
          </div>
          <h3
            class="sc-dntSTA gQABKC"
          >
            Relat√≥rios Regulat√≥rios
          </h3>
          <p
            class="sc-kvnevz lkAtSo"
          >
            Atendimento √†s normas SUSEP, PREVIC e outros √≥rg√£os
          </p>
        </div>
        <div
          class="sc-kcLKEh PQfNo"
          style="cursor: default;"
        >
          <div
            style="display: flex; justify-content: center; align-items: center; margin-bottom: 8px;"
          >
            <span
              style="font-size: 3rem;"
            >
              üî¢
            </span>
          </div>
          <h3
            class="sc-dntSTA gQABKC"
          >
            Modelagem Matem√°tica
          </h3>
          <p
            class="sc-kvnevz lkAtSo"
          >
            Desenvolvimento de modelos atuariais customizados
          </p>
        </div>
      </div>
    </section>
    <section
      class="sc-dYwGCk fjOdRu"
    >
      <div
        class="sc-lgpSej cLwtrt"
        style="text-align: center; max-width: 800px; margin: 0px auto;"
      >
        <div
          class="sc-hwkwBN jksRbC"
        >
          <div
            class="sc-kNOymR dEIdFp"
          >
            Pronto para transformar seu neg√≥cio?
          </div>
          <div
            class="sc-kNOymR gUBsDM"
          >
            Entre em contato conosco e descubra como nossas solu√ß√µes atuariais podem otimizar seus resultados e garantir conformidade regulat√≥ria.
          </div>
          <a
            href="/contato"
            style="text-decoration: none;"
          >
            <button
              aria-label="Fale Conosco"
              class="inline-flex items-center justify-center gap-2 whitespace-nowrap rounded-md text-sm font-medium transition-all disabled:pointer-events-none disabled:opacity-50 [&_svg]:pointer-events-none [&_svg:not([class*='size-'])]:size-4 shrink-0 [&_svg]:shrink-0 outline-none focus-visible:border-ring focus-visible:ring-ring/50 focus-visible:ring-[3px] aria-invalid:ring-destructive/20 dark:aria-invalid:ring-destructive/40 aria-invalid:border-destructive bg-primary text-primary-foreground shadow-xs hover:bg-primary/90 h-9 px-4 py-2 has-[>svg]:px-3 sc-eqYatC ZWTZT"
              data-slot="button"
              role="button"
              style="outline: none; box-shadow: 0 0 0 2px #2563eb;"
              tabindex="0"
              type="button"
            >
              Fale Conosco
            </button>
          </a>
        </div>
      </div>
    </section>
    <section
      class="sc-dYwGCk hDlmKL"
    >
      <div
        class="sc-lgpSej cLwtrt"
        style="text-align: center;"
      >
        <div
          class="sc-kNOymR bULvpF"
        >
          Tema atual: Claro ‚òÄÔ∏è
        </div>
      </div>
    </section>
  </div>
</DocumentFragment>
`;
