// Jest Snapshot v1, https://jestjs.io/docs/snapshot-testing

exports[`TestHydration deve renderizar o componente, exibir status de hydration e bater snapshot 1`] = `
<DocumentFragment>
  <div
    class="sc-bRKDuR jmeLGB"
  >
    <h3
      class="sc-hvigdm kCIdWo"
    >
      Teste de Hydration
    </h3>
    <p
      class="sc-fhHczv gVEFdi"
    >
      Este componente valida visualmente e funcionalmente o SSR do styled-components, altern√¢ncia de temas e status de hydration.
    </p>
    <div
      style="margin-bottom: 1rem;"
    >
      <strong>
        Tema Atual:
      </strong>
       Light
    </div>
    <div
      style="margin-bottom: 1rem;"
    >
      <strong>
        Renderizado em:
      </strong>
       12:00:00
    </div>
    <div
      style="margin-bottom: 1rem;"
    >
      <strong>
        Cliques no bot√£o:
      </strong>
       0
    </div>
    <button
      class="sc-ggWZvA RelyL"
    >
      üé® Alternar Tema (0 cliques)
    </button>
    <div
      style="margin: 1rem 0px;"
    >
      <div
        class="sc-dTvVRJ jrWXks"
      >
        ‚úÖ Hydrated
      </div>
    </div>
    <div
      style="margin-top: 1rem; font-size: 0.875rem; opacity: 0.7;"
    >
      üí° 
      <strong>
        Como testar:
      </strong>
      <br />
      1. Abra o DevTools (F12)
      <br />
      2. Recarregue a p√°gina (F5)
      <br />
      3. Verifique se n√£o h√° erros de hydration no console
      <br />
      4. Observe se os estilos carregam instantaneamente (sem flicker)
      <br />
      5. Teste a altern√¢ncia de temas clicando no bot√£o
    </div>
  </div>
</DocumentFragment>
`;
